design_1_caravel_0_0: caravel__GC0, FSIC__GC0, USER_SUBSYS__GC0, USER_PRJ2__GC0, OpticalFlow_Top__GB3, OpticalFlow_Top__GB2, OpticalFlow_tensor_weight_y, OpticalFlow_gradient_weight_y, 
caravel: caravel__GC0, FSIC__GC0, USER_SUBSYS__GC0, USER_PRJ2__GC0, OpticalFlow_Top__GB3, OpticalFlow_Top__GB2, OpticalFlow_tensor_weight_y, OpticalFlow_gradient_weight_y, 
user_project_wrapper: FSIC__GC0, USER_SUBSYS__GC0, USER_PRJ2__GC0, OpticalFlow_Top__GB3, OpticalFlow_Top__GB2, OpticalFlow_tensor_weight_y, OpticalFlow_gradient_weight_y, 
FSIC: FSIC__GC0, USER_SUBSYS__GC0, USER_PRJ2__GC0, OpticalFlow_Top__GB3, OpticalFlow_Top__GB2, OpticalFlow_tensor_weight_y, OpticalFlow_gradient_weight_y, 
USER_SUBSYS: USER_SUBSYS__GC0, USER_PRJ2__GC0, OpticalFlow_Top__GB3, OpticalFlow_Top__GB2, OpticalFlow_tensor_weight_y, OpticalFlow_gradient_weight_y, 
USER_PRJ2: USER_PRJ2__GC0, OpticalFlow_Top__GB3, OpticalFlow_Top__GB2, OpticalFlow_tensor_weight_y, OpticalFlow_gradient_weight_y, 
OpticalFlow_Top: OpticalFlow_Top__GB3, OpticalFlow_Top__GB2, OpticalFlow_tensor_weight_y, OpticalFlow_gradient_weight_y, 
